BTC: 32547 bars 2022-12-01 -> 2026-08-18 03:00, hour-gaps=1
ETH: 32547 bars 2022-12-01 -> 2026-08-18 03:00, hour-gaps=1
BTC calendar weeks: 195, crash weeks (wk ret < -3%): 46

===== BTC ===== train [0,22782) end=2025-07-07, holdout start=2025-07-07
  train events D=4: n=80 (ret6>=0 filter: 6)
  train events D=6: n=30 (ret6>=0 filter: 0)
  train events D=8: n=13 (ret6>=0 filter: 0)

--- TRAIN GRID BTC (LONG, net$ on $1000, fees 0.15% RT) ---
 D   H  S  TP filt |    n      net$    WR%    avg$   worst$     mDD$
 4  24  3  --  off |   80    -94.55   52.5   -1.18   -31.48  -388.04
 4  24  3  --  r6+ |    6     28.82   66.7    4.80   -31.48   -31.48
 4  24  3   5  off |   80    -58.64   52.5   -0.73   -31.48  -329.17
 4  24  3   5  r6+ |    6     51.57   66.7    8.59   -31.48   -31.48
 4  24  5  --  off |   80   -180.49   55.0   -2.26   -51.46  -465.40
 4  24  5  --  r6+ |    6     65.51   66.7   10.92   -26.11   -26.11
 4  24  5   5  off |   80   -144.58   55.0   -1.81   -51.46  -407.82
 4  24  5   5  r6+ |    6     88.26   66.7   14.71   -26.11   -26.11
 4  24  8  --  off |   80     78.04   56.2    0.98   -81.44  -206.79
 4  24  8  --  r6+ |    6     65.51   66.7   10.92   -26.11   -26.11
 4  24  8   5  off |   80    113.95   56.2    1.42   -81.44  -174.09
 4  24  8   5  r6+ |    6     88.26   66.7   14.71   -26.11   -26.11
 4  48  3  --  off |   77   -180.60   45.5   -2.35   -31.48  -460.73
 4  48  3  --  r6+ |    6     47.19   50.0    7.87   -31.48   -48.78
 4  48  3   5  off |   79     54.41   46.8    0.69   -31.48  -342.69
 4  48  3   5  r6+ |    6     59.80   50.0    9.97   -31.48   -31.48
 4  48  5  --  off |   77   -234.29   50.6   -3.04   -51.46  -519.99
 4  48  5  --  r6+ |    6    149.67   66.7   24.95   -25.68   -42.98
 4  48  5   5  off |   79    -16.02   51.9   -0.20   -51.46  -407.94
 4  48  5   5  r6+ |    6    145.54   66.7   24.26   -25.68   -25.68
 4  48  8  --  off |   75    -51.26   53.3   -0.68   -81.44  -340.13
 4  48  8  --  r6+ |    6    149.67   66.7   24.95   -25.68   -42.98
 4  48  8   5  off |   77    197.74   54.5    2.57   -81.44  -195.34
 4  48  8   5  r6+ |    6    145.54   66.7   24.26   -25.68   -25.68
 4  72  3  --  off |   74   -140.71   39.2   -1.90   -31.48  -452.25
 4  72  3  --  r6+ |    6     58.18   50.0    9.70   -31.48   -31.48
 4  72  3   5  off |   78     69.77   42.3    0.89   -31.48  -333.06
 4  72  3   5  r6+ |    6     75.53   50.0   12.59   -31.48   -31.48
 4  72  5  --  off |   74   -100.92   47.3   -1.36   -51.46  -488.61
 4  72  5  --  r6+ |    6    198.91   66.7   33.15   -26.17   -26.17
 4  72  5   5  off |   78     59.72   50.0    0.77   -51.46  -363.72
 4  72  5   5  r6+ |    6    160.78   66.7   26.80   -26.17   -26.17
 4  72  8  --  off |   69    167.17   55.1    2.42   -81.44  -331.62
 4  72  8  --  r6+ |    6    198.91   66.7   33.15   -26.17   -26.17
 4  72  8   5  off |   73    409.49   57.5    5.61   -81.44  -168.68
 4  72  8   5  r6+ |    6    160.78   66.7   26.80   -26.17   -26.17
 6  24  3  --  off |   30    182.94   56.7    6.10   -31.48  -100.52
 6  24  3  --  r6+ |    0      0.00    0.0    0.00     0.00     0.00
 6  24  3   5  off |   30    107.29   56.7    3.58   -31.48  -100.52
 6  24  3   5  r6+ |    0      0.00    0.0    0.00     0.00     0.00
 6  24  5  --  off |   30    235.57   63.3    7.85   -51.46  -128.99
 6  24  5  --  r6+ |    0      0.00    0.0    0.00     0.00     0.00
 6  24  5   5  off |   30    159.92   63.3    5.33   -51.46  -128.99
 6  24  5   5  r6+ |    0      0.00    0.0    0.00     0.00     0.00
 6  24  8  --  off |   30    290.66   66.7    9.69   -81.44  -149.94
 6  24  8  --  r6+ |    0      0.00    0.0    0.00     0.00     0.00
 6  24  8   5  off |   30    215.01   66.7    7.17   -81.44  -139.30
 6  24  8   5  r6+ |    0      0.00    0.0    0.00     0.00     0.00
 6  48  3  --  off |   30    255.29   53.3    8.51   -31.48   -94.43
 6  48  3  --  r6+ |    0      0.00    0.0    0.00     0.00     0.00
 6  48  3   5  off |   30    181.40   53.3    6.05   -31.48   -94.43
 6  48  3   5  r6+ |    0      0.00    0.0    0.00     0.00     0.00
 6  48  5  --  off |   29    256.11   62.1    8.83   -51.46  -116.85
 6  48  5  --  r6+ |    0      0.00    0.0    0.00     0.00     0.00
 6  48  5   5  off |   29    161.69   62.1    5.58   -51.46  -119.85
 6  48  5   5  r6+ |    0      0.00    0.0    0.00     0.00     0.00
 6  48  8  --  off |   29    409.18   69.0   14.11   -81.44  -104.85
 6  48  8  --  r6+ |    0      0.00    0.0    0.00     0.00     0.00
 6  48  8   5  off |   29    322.72   69.0   11.13   -81.44  -122.98
 6  48  8   5  r6+ |    0      0.00    0.0    0.00     0.00     0.00
 6  72  3  --  off |   30    401.96   43.3   13.40   -31.48  -108.32
 6  72  3  --  r6+ |    0      0.00    0.0    0.00     0.00     0.00
 6  72  3   5  off |   30    184.84   46.7    6.16   -31.48  -108.32
 6  72  3   5  r6+ |    0      0.00    0.0    0.00     0.00     0.00
 6  72  5  --  off |   29    541.42   58.6   18.67   -51.46  -116.82
 6  72  5  --  r6+ |    0      0.00    0.0    0.00     0.00     0.00
 6  72  5   5  off |   29    257.55   58.6    8.88   -51.46  -116.82
 6  72  5   5  r6+ |    0      0.00    0.0    0.00     0.00     0.00
 6  72  8  --  off |   28    720.66   71.4   25.74   -81.44   -83.37
 6  72  8  --  r6+ |    0      0.00    0.0    0.00     0.00     0.00
 6  72  8   5  off |   28    505.63   71.4   18.06   -81.44   -83.37
 6  72  8   5  r6+ |    0      0.00    0.0    0.00     0.00     0.00
 8  24  3  --  off |   13    142.00   53.8   10.92   -31.48   -63.12
 8  24  3  --  r6+ |    0      0.00    0.0    0.00     0.00     0.00
 8  24  3   5  off |   13     88.65   53.8    6.82   -31.48   -63.12
 8  24  3   5  r6+ |    0      0.00    0.0    0.00     0.00     0.00
 8  24  5  --  off |   13    226.70   61.5   17.44   -51.46   -51.46
 8  24  5  --  r6+ |    0      0.00    0.0    0.00     0.00     0.00
 8  24  5   5  off |   13    154.00   61.5   11.85   -51.46   -51.46
 8  24  5   5  r6+ |    0      0.00    0.0    0.00     0.00     0.00
 8  24  8  --  off |   13    256.08   69.2   19.70   -81.44   -81.44
 8  24  8  --  r6+ |    0      0.00    0.0    0.00     0.00     0.00
 8  24  8   5  off |   13    183.38   69.2   14.11   -81.44   -81.44
 8  24  8   5  r6+ |    0      0.00    0.0    0.00     0.00     0.00
 8  48  3  --  off |   13    107.00   46.2    8.23   -31.48   -89.37
 8  48  3  --  r6+ |    0      0.00    0.0    0.00     0.00     0.00
 8  48  3   5  off |   13     61.37   46.2    4.72   -31.48  -103.86
 8  48  3   5  r6+ |    0      0.00    0.0    0.00     0.00     0.00
 8  48  5  --  off |   13    186.86   61.5   14.37   -51.46   -55.87
 8  48  5  --  r6+ |    0      0.00    0.0    0.00     0.00     0.00
 8  48  5   5  off |   13    150.71   61.5   11.59   -51.46   -55.87
 8  48  5   5  r6+ |    0      0.00    0.0    0.00     0.00     0.00
 8  48  8  --  off |   13    258.14   69.2   19.86   -81.44   -81.44
 8  48  8  --  r6+ |    0      0.00    0.0    0.00     0.00     0.00
 8  48  8   5  off |   13    220.66   69.2   16.97   -81.44   -81.44
 8  48  8   5  r6+ |    0      0.00    0.0    0.00     0.00     0.00
 8  72  3  --  off |   13    296.68   46.2   22.82   -31.48   -71.22
 8  72  3  --  r6+ |    0      0.00    0.0    0.00     0.00     0.00
 8  72  3   5  off |   13     93.64   46.2    7.20   -31.48   -85.71
 8  72  3   5  r6+ |    0      0.00    0.0    0.00     0.00     0.00
 8  72  5  --  off |   13    412.42   61.5   31.72   -51.46   -51.46
 8  72  5  --  r6+ |    0      0.00    0.0    0.00     0.00     0.00
 8  72  5   5  off |   13    252.08   61.5   19.39   -51.46   -51.46
 8  72  5   5  r6+ |    0      0.00    0.0    0.00     0.00     0.00
 8  72  8  --  off |   13    466.86   69.2   35.91   -81.44   -81.44
 8  72  8  --  r6+ |    0      0.00    0.0    0.00     0.00     0.00
 8  72  8   5  off |   13    322.02   69.2   24.77   -81.44   -81.44
 8  72  8   5  r6+ |    0      0.00    0.0    0.00     0.00     0.00

TOP-5 TRAIN BTC:
  D=6 H=72 S=8 TP=-- filt=off : n=28 net=720.66 WR=71.4 avg=25.74 worst=-81.44
  D=6 H=72 S=5 TP=-- filt=off : n=29 net=541.42 WR=58.6 avg=18.67 worst=-51.46
  D=6 H=72 S=8 TP=5 filt=off : n=28 net=505.63 WR=71.4 avg=18.06 worst=-81.44
  D=8 H=72 S=8 TP=-- filt=off : n=13 net=466.86 WR=69.2 avg=35.91 worst=-81.44
  D=8 H=72 S=5 TP=-- filt=off : n=13 net=412.42 WR=61.5 avg=31.72 worst=-51.46

CHOSEN BTC (gate PASSED): D=6 H=72 S=8 TP=-- filt=off
  train: n=28 net=720.66$ WR=71.4% avg=25.74$ worst=-81.44$ maxDD=-83.37$
  plateau neighbors net$: [167.2, 466.9, 409.2, 541.4]
  HOLDOUT (one look): n=12 net=4.81$ WR=58.3% avg=0.40$ worst=-81.44$ maxDD=-215.49$
  train: stop-gap fills n=0, optimism=0.00$ | funding drag ~23.24$ -> adj net=697.42$ (strict: 697.42$)
  holdout: stop-gap fills n=0, optimism=0.00$ | funding drag ~9.23$ -> adj net=-4.42$ (strict: -4.42$)
  QUARTERS (by exit, full period; H = holdout era):
    2023Q1 : n=  2 net=  173.27$
    2023Q3 : n=  1 net=  -23.80$
    2023Q4 : n=  1 net=   55.36$
    2024Q1 : n=  6 net=  223.52$
    2024Q2 : n=  4 net=   18.33$
    2024Q3 : n=  3 net=  -56.02$
    2024Q4 : n=  2 net=   63.11$
    2025Q1 : n=  7 net=  228.50$
    2025Q2 : n=  2 net=   38.38$
    2025Q4H: n=  6 net=  170.86$
    2026Q1H: n=  4 net= -134.05$
    2026Q2H: n=  2 net=  -32.00$
  quarters non-negative: 8/12 = 67%
  CRASH-WEEK PnL (train): trades exiting in BTC<-3% weeks: n=9, net=169.94$ (covered 8 of ~27 era crash weeks)
  CRASH-WEEK PnL (holdout): trades exiting in BTC<-3% weeks: n=7, net=-257.65$ (covered 6 of ~19 era crash weeks)
  worst-5 trades (full period): 2024-08-05:-81$(stop), 2025-02-25:-81$(stop), 2026-06-02:-81$(stop), 2024-04-13:-81$(stop), 2026-01-29:-81$(stop)

===== ETH ===== train [0,22782) end=2025-07-07, holdout start=2025-07-07
  train events D=4: n=125 (ret6>=0 filter: 8)
  train events D=6: n=65 (ret6>=0 filter: 1)
  train events D=8: n=27 (ret6>=0 filter: 0)

--- TRAIN GRID ETH (LONG, net$ on $1000, fees 0.15% RT) ---
 D   H  S  TP filt |    n      net$    WR%    avg$   worst$     mDD$
 4  24  3  --  off |  125    101.97   53.6    0.82   -31.48  -522.20
 4  24  3  --  r6+ |    8    -32.07   50.0   -4.01   -31.48   -87.47
 4  24  3   5  off |  125    149.68   54.4    1.20   -31.48  -408.42
 4  24  3   5  r6+ |    8    -31.72   50.0   -3.96   -31.48   -87.47
 4  24  5  --  off |  125    258.43   60.8    2.07   -51.46  -421.01
 4  24  5  --  r6+ |    8    -52.07   50.0   -6.51   -51.46  -107.47
 4  24  5   5  off |  125    350.89   61.6    2.81   -51.46  -255.07
 4  24  5   5  r6+ |    8    -51.71   50.0   -6.46   -51.46  -107.47
 4  24  8  --  off |  124     75.66   60.5    0.61   -81.44  -515.51
 4  24  8  --  r6+ |    8    -51.77   50.0   -6.47   -71.39  -107.17
 4  24  8   5  off |  124    170.87   61.3    1.38   -81.44  -360.48
 4  24  8   5  r6+ |    8    -51.41   50.0   -6.43   -71.39  -107.17
 4  48  3  --  off |  120    -14.33   43.3   -0.12   -31.48  -728.43
 4  48  3  --  r6+ |    8    -80.75   37.5  -10.09   -31.48  -116.00
 4  48  3   5  off |  125    218.83   48.8    1.75   -31.48  -467.72
 4  48  3   5  r6+ |    8    -52.82   37.5   -6.60   -31.48  -116.00
 4  48  5  --  off |  119     94.75   52.1    0.80   -51.46  -570.87
 4  48  5  --  r6+ |    8   -140.71   37.5  -17.59   -51.46  -175.95
 4  48  5   5  off |  123    361.10   57.7    2.94   -51.46  -394.59
 4  48  5   5  r6+ |    8   -112.77   37.5  -14.10   -51.46  -175.95
 4  48  8  --  off |  117   -283.54   52.1   -2.42   -81.44  -796.69
 4  48  8  --  r6+ |    8   -125.91   37.5  -15.74   -81.44  -161.16
 4  48  8   5  off |  122    177.50   59.0    1.45   -81.44  -404.94
 4  48  8   5  r6+ |    8    -97.97   37.5  -12.25   -81.44  -161.16
 4  72  3  --  off |  113    195.82   39.8    1.73   -31.48  -582.91
 4  72  3  --  r6+ |    8    -92.56   25.0  -11.57   -31.48  -159.35
 4  72  3   5  off |  122    173.91   45.9    1.43   -31.48  -439.63
 4  72  3   5  r6+ |    8    -62.42   25.0   -7.80   -31.48  -159.35
 4  72  5  --  off |  110    426.98   48.2    3.88   -51.46  -383.50
 4  72  5  --  r6+ |    8    -94.94   37.5  -11.87   -51.46  -161.73
 4  72  5   5  off |  118    283.47   54.2    2.40   -51.46  -426.24
 4  72  5   5  r6+ |    8    -62.42   37.5   -7.80   -51.46  -159.35
 4  72  8  --  off |  104    133.83   50.0    1.29   -81.44  -509.05
 4  72  8  --  r6+ |    8    -45.05   37.5   -5.63   -81.44  -111.84
 4  72  8   5  off |  113    -50.81   54.9   -0.45   -81.44  -543.96
 4  72  8   5  r6+ |    8    -12.53   37.5   -1.57   -81.44  -109.45
 6  24  3  --  off |   65   -297.70   35.4   -4.58   -31.48  -422.59
 6  24  3  --  r6+ |    1    -31.48    0.0  -31.48   -31.48   -31.48
 6  24  3   5  off |   65   -295.61   36.9   -4.55   -31.48  -333.28
 6  24  3   5  r6+ |    1    -31.48    0.0  -31.48   -31.48   -31.48
 6  24  5  --  off |   65   -236.39   43.1   -3.64   -51.46  -472.22
 6  24  5  --  r6+ |    1    -19.07    0.0  -19.07   -19.07   -19.07
 6  24  5   5  off |   65   -146.77   46.2   -2.26   -51.46  -269.38
 6  24  5   5  r6+ |    1    -19.07    0.0  -19.07   -19.07   -19.07
 6  24  8  --  off |   65   -126.77   46.2   -1.95   -81.44  -419.21
 6  24  8  --  r6+ |    1    -19.07    0.0  -19.07   -19.07   -19.07
 6  24  8   5  off |   65   -117.57   49.2   -1.81   -81.44  -248.08
 6  24  8   5  r6+ |    1    -19.07    0.0  -19.07   -19.07   -19.07
 6  48  3  --  off |   64   -387.21   34.4   -6.05   -31.48  -583.65
 6  48  3  --  r6+ |    1    -31.48    0.0  -31.48   -31.48   -31.48
 6  48  3   5  off |   65   -175.48   40.0   -2.70   -31.48  -358.25
 6  48  3   5  r6+ |    1    -31.48    0.0  -31.48   -31.48   -31.48
 6  48  5  --  off |   64   -435.53   46.9   -6.81   -51.46  -707.52
 6  48  5  --  r6+ |    1    -51.46    0.0  -51.46   -51.46   -51.46
 6  48  5   5  off |   65   -149.63   52.3   -2.30   -51.46  -362.98
 6  48  5   5  r6+ |    1    -51.46    0.0  -51.46   -51.46   -51.46
 6  48  8  --  off |   61   -439.24   52.5   -7.20   -81.44  -763.22
 6  48  8  --  r6+ |    1    -16.68    0.0  -16.68   -16.68   -16.68
 6  48  8   5  off |   63    -26.92   58.7   -0.43   -81.44  -395.06
 6  48  8   5  r6+ |    1    -16.68    0.0  -16.68   -16.68   -16.68
 6  72  3  --  off |   64   -410.91   25.0   -6.42   -31.48  -663.64
 6  72  3  --  r6+ |    1    -31.48    0.0  -31.48   -31.48   -31.48
 6  72  3   5  off |   65   -253.97   35.4   -3.91   -31.48  -403.18
 6  72  3   5  r6+ |    1    -31.48    0.0  -31.48   -31.48   -31.48
 6  72  5  --  off |   64   -297.08   34.4   -4.64   -51.46  -695.85
 6  72  5  --  r6+ |    1    -51.46    0.0  -51.46   -51.46   -51.46
 6  72  5   5  off |   65   -180.76   44.6   -2.78   -51.46  -431.60
 6  72  5   5  r6+ |    1    -51.46    0.0  -51.46   -51.46   -51.46
 6  72  8  --  off |   59   -215.26   40.7   -3.65   -81.44  -711.38
 6  72  8  --  r6+ |    1      1.35  100.0    1.35     1.35     0.00
 6  72  8   5  off |   62    -83.42   51.6   -1.35   -81.44  -475.24
 6  72  8   5  r6+ |    1      1.35  100.0    1.35     1.35     0.00
 8  24  3  --  off |   27    -70.20   37.0   -2.60   -31.48  -246.20
 8  24  3  --  r6+ |    0      0.00    0.0    0.00     0.00     0.00
 8  24  3   5  off |   27   -108.99   40.7   -4.04   -31.48  -246.20
 8  24  3   5  r6+ |    0      0.00    0.0    0.00     0.00     0.00
 8  24  5  --  off |   27   -172.25   44.4   -6.38   -51.46  -330.00
 8  24  5  --  r6+ |    0      0.00    0.0    0.00     0.00     0.00
 8  24  5   5  off |   27   -191.05   48.1   -7.08   -51.46  -247.85
 8  24  5   5  r6+ |    0      0.00    0.0    0.00     0.00     0.00
 8  24  8  --  off |   27    -69.01   48.1   -2.56   -81.44  -359.55
 8  24  8  --  r6+ |    0      0.00    0.0    0.00     0.00     0.00
 8  24  8   5  off |   27    -93.52   51.9   -3.46   -81.44  -247.42
 8  24  8   5  r6+ |    0      0.00    0.0    0.00     0.00     0.00
 8  48  3  --  off |   26   -187.90   30.8   -7.23   -31.48  -292.55
 8  48  3  --  r6+ |    0      0.00    0.0    0.00     0.00     0.00
 8  48  3   5  off |   27   -109.64   37.0   -4.06   -31.48  -283.30
 8  48  3   5  r6+ |    0      0.00    0.0    0.00     0.00     0.00
 8  48  5  --  off |   26   -275.37   42.3  -10.59   -51.46  -392.95
 8  48  5  --  r6+ |    0      0.00    0.0    0.00     0.00     0.00
 8  48  5   5  off |   27   -171.39   48.1   -6.35   -51.46  -297.87
 8  48  5   5  r6+ |    0      0.00    0.0    0.00     0.00     0.00
 8  48  8  --  off |   26    -52.05   57.7   -2.00   -81.44  -371.98
 8  48  8  --  r6+ |    0      0.00    0.0    0.00     0.00     0.00
 8  48  8   5  off |   27     10.02   63.0    0.37   -81.44  -274.12
 8  48  8   5  r6+ |    0      0.00    0.0    0.00     0.00     0.00
 8  72  3  --  off |   26      3.81   30.8    0.15   -31.48  -283.30
 8  72  3  --  r6+ |    0      0.00    0.0    0.00     0.00     0.00
 8  72  3   5  off |   27    -77.76   37.0   -2.88   -31.48  -283.30
 8  72  3   5  r6+ |    0      0.00    0.0    0.00     0.00     0.00
 8  72  5  --  off |   26    -90.21   38.5   -3.47   -51.46  -333.75
 8  72  5  --  r6+ |    0      0.00    0.0    0.00     0.00     0.00
 8  72  5   5  off |   27   -113.85   48.1   -4.22   -51.46  -277.43
 8  72  5   5  r6+ |    0      0.00    0.0    0.00     0.00     0.00
 8  72  8  --  off |   26    159.16   53.8    6.12   -81.44  -283.54
 8  72  8  --  r6+ |    0      0.00    0.0    0.00     0.00     0.00
 8  72  8   5  off |   27    136.30   63.0    5.05   -81.44  -255.26
 8  72  8   5  r6+ |    0      0.00    0.0    0.00     0.00     0.00

TOP-5 TRAIN ETH:
  D=4 H=72 S=5 TP=-- filt=off : n=110 net=426.98 WR=48.2 avg=3.88 worst=-51.46
  D=4 H=48 S=5 TP=5 filt=off : n=123 net=361.10 WR=57.7 avg=2.94 worst=-51.46
  D=4 H=24 S=5 TP=5 filt=off : n=125 net=350.89 WR=61.6 avg=2.81 worst=-51.46
  D=4 H=72 S=5 TP=5 filt=off : n=118 net=283.47 WR=54.2 avg=2.40 worst=-51.46
  D=4 H=24 S=5 TP=-- filt=off : n=125 net=258.43 WR=60.8 avg=2.07 worst=-51.46

NO config passed gate (n>=25 & train>0 & ALL +/-1 neighbors in D,H,S >= 0); fallback = top train cell FOR REPORTING ONLY.

CHOSEN ETH (gate FAILED): D=4 H=72 S=5 TP=-- filt=off
  train: n=110 net=426.98$ WR=48.2% avg=3.88$ worst=-51.46$ maxDD=-383.50$
  plateau neighbors net$: [-297.1, 94.7, 195.8, 133.8]
  HOLDOUT (one look): n=51 net=-249.69$ WR=41.2% avg=-4.90$ worst=-51.46$ maxDD=-535.57$
  train: stop-gap fills n=0, optimism=0.00$ | funding drag ~79.23$ -> adj net=347.76$ (strict: 347.76$)
  holdout: stop-gap fills n=0, optimism=0.00$ | funding drag ~35.16$ -> adj net=-284.85$ (strict: -284.85$)
  QUARTERS (by exit, full period; H = holdout era):
    2022Q4 : n=  2 net=  -38.62$
    2023Q1 : n= 11 net=  502.85$
    2023Q2 : n=  9 net=   63.88$
    2023Q3 : n=  6 net=   -0.42$
    2023Q4 : n=  7 net=   13.48$
    2024Q1 : n=  8 net=   91.64$
    2024Q2 : n= 12 net= -213.20$
    2024Q3 : n= 13 net=  -34.70$
    2024Q4 : n= 11 net=  172.70$
    2025Q1 : n= 15 net= -215.60$
    2025Q2 : n= 14 net=   39.37$
    2025Q3 : n= 11 net= -122.55$
    2025Q4H: n= 14 net= -213.43$
    2026Q1H: n= 14 net=  -47.59$
    2026Q2H: n= 11 net=  111.90$
    2026Q3H: n=  3 net=   67.60$
  quarters non-negative: 8/16 = 50%
  CRASH-WEEK PnL (train): trades exiting in BTC<-3% weeks: n=32, net=-971.03$ (covered 23 of ~27 era crash weeks)
  CRASH-WEEK PnL (holdout): trades exiting in BTC<-3% weeks: n=22, net=-393.74$ (covered 17 of ~19 era crash weeks)
  worst-5 trades (full period): 2025-10-07:-51$(stop), 2024-04-16:-51$(stop), 2024-08-02:-51$(stop), 2025-08-01:-51$(stop), 2024-04-09:-51$(stop)

================ H7 VERDICT (2026-08-18) ================
Gate = train>0 AND holdout>0 AND plateau AND >=60% quarters non-neg AND crash-week PnL>0.

BTC (D=6 H=72 S=8 TP=none filt=off, gate on train PASSED):
  train +720.66$ (n=28, WR 71.4) | holdout +4.81$ (n=12, WR 58.3), funding-adj -4.42$
  quarters 8/12 = 67% ok | crash-week PnL: train +169.94$, holdout -257.65$  <- FAILS
  -> MIXED. Standalone edge decayed to ~0 in holdout; complementarity INVERTED in
     holdout: the leg loses exactly in the BTC<-3% weeks it was meant to hedge.

ETH (D=4 H=72 S=5 TP=none filt=off, plateau gate FAILED - D=6 neighbor -297$):
  train +426.98$ (n=110) | holdout -249.69$ (n=51, WR 41.2)
  quarters 8/16 = 50% | crash-week PnL: train -971.03$, holdout -393.74$
  -> REJECTED.

H7 for the portfolio role (smoothing Jony's crash weeks): REJECTED.
Mechanics: entry happens mid-slide; in multi-week crashes the -S% stop fires inside
the same crash week, while V-reversal profits (H=72) are booked into the NEXT
(recovery) week. Structurally this leg ADDS same-week losses to the short-put book.
Confirmation filter ret6>=0 is a dead branch (train events after filter: BTC 6/0/0,
ETH 8/1/0 for D=4/6/8) - "slide exhausted" almost never true on the signal bar.
Stops: zero gap-through fills observed (1h bars), stop-price fill optimism = $0 here.
