[CALIB] trades=4539 gen 9s
[CALIB] baseline           n=4539 (6.32/d) fx  +3481/+1551 rep tr    +22.8% dd 2192.1 | ho   +28.8% dd 1320.9 | q 3/4 [3192, 2898, -3907, 2849]
[CALIB] D1.0               n=3174 (4.42/d) fx  +1004/+1101 rep tr    +34.5% dd 1980.6 | ho   +24.8% dd 1345.7 | q 3/4 [3727, 157, -4298, 2518]
[CALIB] D1.5               n=2434 (3.39/d) fx  +1064/+1572 rep tr    +25.0% dd 2166.6 | ho   +27.6% dd 1040.2 | q 2/4 [4553, -757, -3643, 2483]
[CALIB] D2.0               n=1879 (2.62/d) fx  +1019/+1706 rep tr    +46.4% dd 1593.0 | ho   +27.8% dd 1042.4 | q 2/4 [4778, -1565, -2655, 2167]
[CALIB] D3.0               n=1029 (1.46/d) fx     +4/+1797 rep tr    +35.7% dd 2125.9 | ho   +26.1% dd 667.3 | q 2/4 [3096, -1867, -892, 1465]
[CALIB] R                  n=1801 (2.51/d) fx  +3960/ +836 rep tr     +5.2% dd 2189.8 | ho   +19.3% dd 1005.6 | q 3/4 [2793, 2391, -1425, 1036]
[CALIB] V0.8               n=3184 (4.46/d) fx   +581/+1747 rep tr    +30.1% dd 2151.6 | ho   +11.7% dd 1942.3 | q 3/4 [807, 906, -1860, 2475]
[CALIB] V0.85              n=3542 (4.93/d) fx  +2291/+1233 rep tr     +8.7% dd 2161.0 | ho   +11.7% dd 1909.2 | q 3/4 [1809, 1615, -2016, 2116]
[CALIB] V0.9               n=3879 (5.4/d) fx  +2316/ +777 rep tr    +15.0% dd 2294.2 | ho   +23.5% dd 1321.8 | q 3/4 [2679, 1312, -2973, 2074]
[CALIB] S_near             n=4539 (6.32/d) fx  +3481/+1551 rep tr    +23.3% dd 2114.6 | ho   +28.1% dd 1040.2 | q 3/4 [3192, 2898, -3907, 2849]
[CALIB] S_trans            n=4539 (6.32/d) fx  +3481/+1551 rep tr     +5.2% dd 2189.8 | ho   +19.3% dd 1005.6 | q 3/4 [3192, 2898, -3907, 2849]
[CALIB] S_hv               n=4539 (6.32/d) fx  +3481/+1551 rep tr     +8.7% dd 2119.7 | ho   +22.4% dd 1855.8 | q 3/4 [3192, 2898, -3907, 2849]
[CALIB] S_all              n=4539 (6.32/d) fx  +3481/+1551 rep tr    -10.2% dd 2239.7 | ho   +23.1% dd 973.0 | q 3/4 [3192, 2898, -3907, 2849]
[CALIB] D1.5+R             n=1248 (1.74/d) fx  +2371/ +465 rep tr    +13.5% dd 2125.8 | ho   +21.5% dd 973.0 | q 3/4 [2465, 767, -1061, 666]
[CALIB] D1.5+V0.85         n=1899 (2.65/d) fx  +1148/+1537 rep tr    +20.5% dd 2217.9 | ho   +16.5% dd 1732.2 | q 2/4 [3615, -841, -2326, 2238]
[CALIB] D1.5+R+V0.85       n= 952 (1.33/d) fx  +2219/ +498 rep tr     +9.6% dd 2099.4 | ho   +18.5% dd 973.0 | q 3/4 [2050, 714, -746, 698]
[CALIB] D1.5+S_trans       n=2434 (3.39/d) fx  +1064/+1572 rep tr    +13.5% dd 2125.8 | ho   +21.5% dd 973.0 | q 2/4 [4553, -757, -3643, 2483]
[CALIB] D1.5+S_trans+S_hv  n=2434 (3.39/d) fx  +1064/+1572 rep tr     +2.8% dd 2256.0 | ho   +22.9% dd 973.0 | q 2/4 [4553, -757, -3643, 2483]
[CALIB] D2.0+R             n= 971 (1.35/d) fx  +1358/ +447 rep tr     -3.6% dd 1805.9 | ho   +20.5% dd 973.0 | q 2/4 [2131, -211, -681, 566]
[CALIB] D2.0+V0.85         n=1502 (2.09/d) fx   +808/+1643 rep tr    +21.2% dd 1516.5 | ho   +17.3% dd 1734.5 | q 2/4 [3407, -1185, -1834, 2062]
[CALIB] D2.0+R+V0.85       n= 737 (1.03/d) fx  +1511/ +507 rep tr     -4.4% dd 1410.1 | ho   +15.8% dd 973.0 | q 3/4 [1650, 166, -424, 626]
[CALIB] D2.0+S_trans       n=1879 (2.62/d) fx  +1019/+1706 rep tr     -3.6% dd 1805.9 | ho   +20.5% dd 973.0 | q 2/4 [4778, -1565, -2655, 2167]
[CALIB] D2.0+S_trans+S_hv  n=1879 (2.62/d) fx  +1019/+1706 rep tr     -5.1% dd 1527.7 | ho   +19.6% dd 973.0 | q 2/4 [4778, -1565, -2655, 2167]
[CLAMP] trades=4539 gen 2s
[CLAMP] baseline           n=4539 (6.32/d) fx  +5080/+1671 rep tr    +62.2% dd 2084.1 | ho   +37.9% dd 893.5 | q 3/4 [5902, 2322, -4407, 2933]
[CLAMP] D1.0               n=3174 (4.42/d) fx  +3762/ +616 rep tr    +77.9% dd 1733.2 | ho   +31.0% dd 893.5 | q 3/4 [6193, 261, -4042, 1966]
[CLAMP] D1.5               n=2434 (3.39/d) fx  +4218/+1461 rep tr    +62.5% dd 1844.5 | ho   +36.0% dd 814.0 | q 3/4 [6584, 84, -3292, 2302]
[CLAMP] D2.0               n=1879 (2.62/d) fx  +3258/+1832 rep tr    +51.6% dd 2070.0 | ho   +40.5% dd 513.4 | q 2/4 [6301, -963, -2495, 2247]
[CLAMP] D3.0               n=1029 (1.46/d) fx  +1542/+1796 rep tr    +49.5% dd 2229.1 | ho   +34.4% dd 573.0 | q 2/4 [4151, -1350, -995, 1532]
[CLAMP] R                  n=1801 (2.51/d) fx  +4594/ +771 rep tr    +32.8% dd 2121.2 | ho   +21.1% dd 884.0 | q 3/4 [3599, 2157, -1329, 939]
[CLAMP] V0.8               n=3184 (4.46/d) fx   -965/+1760 rep tr    +35.4% dd 2357.4 | ho   +33.5% dd 906.7 | q 2/4 [1574, -313, -2893, 2427]
[CLAMP] V0.85              n=3542 (4.93/d) fx  +1167/+1125 rep tr    +12.9% dd 2521.5 | ho   +31.5% dd 967.0 | q 3/4 [2906, 403, -2993, 1977]
[CLAMP] V0.9               n=3879 (5.4/d) fx  +1680/ +885 rep tr    +46.7% dd 2095.9 | ho   +35.9% dd 893.5 | q 3/4 [4169, 24, -3776, 2148]
[CLAMP] S_near             n=4539 (6.32/d) fx  +5080/+1671 rep tr    +61.4% dd 1802.5 | ho   +39.3% dd 814.0 | q 3/4 [5902, 2322, -4407, 2933]
[CLAMP] S_trans            n=4539 (6.32/d) fx  +5080/+1671 rep tr    +32.8% dd 2121.2 | ho   +20.5% dd 884.0 | q 3/4 [5902, 2322, -4407, 2933]
[CLAMP] S_hv               n=4539 (6.32/d) fx  +5080/+1671 rep tr    +18.3% dd 2358.9 | ho   +41.4% dd 893.5 | q 3/4 [5902, 2322, -4407, 2933]
[CLAMP] S_all              n=4539 (6.32/d) fx  +5080/+1671 rep tr     +6.5% dd 2163.1 | ho   +23.3% dd 699.0 | q 3/4 [5902, 2322, -4407, 2933]
[CLAMP] D1.5+R             n=1248 (1.74/d) fx  +4131/ +543 rep tr    +26.5% dd 2007.8 | ho   +23.3% dd 699.0 | q 3/4 [3301, 1341, -679, 711]
[CLAMP] D1.5+V0.85         n=1899 (2.65/d) fx  +2458/+1467 rep tr    +13.4% dd 2166.8 | ho   +33.5% dd 983.9 | q 2/4 [4628, -492, -2312, 2102]
[CLAMP] D1.5+R+V0.85       n= 952 (1.33/d) fx  +3463/ +586 rep tr    +13.3% dd 2120.5 | ho   +22.0% dd 699.0 | q 3/4 [2538, 1283, -526, 754]
[CLAMP] D1.5+S_trans       n=2434 (3.39/d) fx  +4218/+1461 rep tr    +26.5% dd 2007.8 | ho   +22.7% dd 699.0 | q 3/4 [6584, 84, -3292, 2302]
[CLAMP] D1.5+S_trans+S_hv  n=2434 (3.39/d) fx  +4218/+1461 rep tr    +13.2% dd 2257.2 | ho   +25.5% dd 699.0 | q 3/4 [6584, 84, -3292, 2302]
[CLAMP] D2.0+R             n= 971 (1.35/d) fx  +2640/ +531 rep tr    +21.6% dd 1743.0 | ho   +23.2% dd 699.0 | q 3/4 [2769, 173, -394, 624]
[CLAMP] D2.0+V0.85         n=1502 (2.09/d) fx  +1793/+1713 rep tr    +16.1% dd 1751.1 | ho   +35.0% dd 777.2 | q 2/4 [4232, -944, -1869, 2087]
[CLAMP] D2.0+R+V0.85       n= 737 (1.03/d) fx  +2397/ +598 rep tr     +0.4% dd 1659.9 | ho   +20.1% dd 702.0 | q 3/4 [1987, 595, -278, 691]
[CLAMP] D2.0+S_trans       n=1879 (2.62/d) fx  +3258/+1832 rep tr    +21.6% dd 1743.0 | ho   +22.6% dd 699.0 | q 2/4 [6301, -963, -2495, 2247]
[CLAMP] D2.0+S_trans+S_hv  n=1879 (2.62/d) fx  +3258/+1832 rep tr     +8.2% dd 1633.5 | ho   +22.8% dd 699.0 | q 2/4 [6301, -963, -2495, 2247]
saved /Users/styserg/Desktop/Jony/research/results/entry_quality_sweep_2026-08-26.json
EXIT 0
