fidelity per-trade mismatches: 0
fidelity vs expected: OK {'n': 4560, 'tr': 9.7, 'tr_dd': 23.3, 'ho': 16.6, 'ho_dd': 11.1, 'full': 24.7, 'full_dd': 29.4, 'q': [8.7, 22.9, -14.9, 20.3]}
baseline                                       n=4560 trail=   0 taken 175 | tr   +9.7/dd23.3 ho  +16.6/dd11.1 full  +24.7/dd29.4 | Q [8.7, 22.9, -14.9, 20.3] PASS
    DECOMP {"taken_subset": {"n": 186, "n_trail": 99, "fx_base": 154, "fx_trail": 180, "fx_delta_trail_exits": 26, "by_base_res": {"tp2": {"n": 48, "fx_delta": -336}, "sl": {"n": 10, "fx_delta": 240}, "time_stop": {"n": 41, "fx_delta": 122}}}, "trail_pnl_base_ts": {"tr": 27.5, "ho": 18.3, "full": 55.5, "full_dd": 18.9, "taken": 176}, "base_pnl_trail_ts": {"tr": 16.1, "ho": 27.3, "full": 45.4, "full_dd": 26.5, "taken": 209}, "nopkc_trail": {"full": 42.6, "full_dd": 73.0}, "nopkc_base": {"full": -73.1, "full_dd": 78.4}, "fx_total": {"trail_tr": 1178, "trail_ho": -306, "base_tr": 3126, "base_ho": 1483}}
PRIMARY arm0.30 age0.40 gb0.10                 n=4560 trail=2478 taken 211 | tr  +31.5/dd17.0 ho  +22.4/dd10.3 full  +63.4/dd17.0 | Q [24.5, 16.8, -4.3, 26.2] 
    trail exits 2478 (ETH 254/BTC 2224) avg pnl +0.241 vs base +0.309 | fx $+11804 vs $+15541 = -3737 (tr -1947 / ho -1790) | avg age 59.1h peak 0.467 | by base: tp2:1179 $+7568vs$+16684 sl:143 $-539vs$-5071 time_stop:1156 $+4775vs$+3929
nb arm0.25 age0.30 gb0.10                      n=4560 trail=2948 taken 229 | tr  +15.6/dd19.4 ho   +5.1/dd11.5 full  +18.1/dd19.4 | Q [9.9, 12.3, -2.9, 3.5] 
    trail exits 2948 (ETH 331/BTC 2617) avg pnl +0.224 vs base +0.303 | fx $+12997 vs $+17779 = -4782 (tr -3340 / ho -1442) | avg age 48.2h peak 0.429 | by base: tp2:1509 $+8628vs$+21272 sl:178 $-463vs$-6510 time_stop:1261 $+4832vs$+3017
nb arm0.25 age0.40 gb0.10                      n=4560 trail=2611 taken 212 | tr  +31.5/dd21.7 ho   +9.0/dd12.0 full  +51.9/dd21.7 | Q [24.2, 16.8, -3.4, 15.6] 
    trail exits 2611 (ETH 270/BTC 2341) avg pnl +0.206 vs base +0.267 | fx $+10570 vs $+14073 = -3503 (tr -1852 / ho -1651) | avg age 57.3h peak 0.444 | by base: tp2:1189 $+7177vs$+16825 sl:161 $-726vs$-5768 time_stop:1261 $+4119vs$+3017
nb arm0.25 age0.50 gb0.10                      n=4560 trail=2379 taken 200 | tr  +36.2/dd13.1 ho   +5.9/dd11.7 full  +47.5/dd16.5 | Q [9.3, 29.0, -2.9, 11.3] 
    trail exits 2379 (ETH 210/BTC 2169) avg pnl +0.192 vs base +0.245 | fx $+8853 vs $+11648 = -2795 (tr -615 / ho -2180) | avg age 66.9h peak 0.456 | by base: tp2:976 $+5762vs$+13850 sl:142 $-631vs$-5219 time_stop:1261 $+3723vs$+3017
nb arm0.30 age0.30 gb0.10                      n=4560 trail=2784 taken 227 | tr  +23.9/dd17.1 ho  +19.4/dd 9.4 full  +47.2/dd17.1 | Q [9.3, 14.8, -0.1, 18.2] 
    trail exits 2784 (ETH 311/BTC 2473) avg pnl +0.262 vs base +0.350 | fx $+14450 vs $+19712 = -5263 (tr -3410 / ho -1853) | avg age 50.6h peak 0.456 | by base: tp2:1483 $+9217vs$+20955 sl:145 $-200vs$-5171 time_stop:1156 $+5433vs$+3929
    DECOMP {"taken_subset": {"n": 186, "n_trail": 80, "fx_base": 154, "fx_trail": 236, "fx_delta_trail_exits": 81, "by_base_res": {"tp2": {"n": 32, "fx_delta": -232}, "sl": {"n": 7, "fx_delta": 207}, "time_stop": {"n": 41, "fx_delta": 106}}}, "trail_pnl_base_ts": {"tr": 27.6, "ho": 14.2, "full": 50.2, "full_dd": 17.0, "taken": 176}, "base_pnl_trail_ts": {"tr": 15.3, "ho": 27.3, "full": 46.2, "full_dd": 28.9, "taken": 200}, "nopkc_trail": {"full": -9.4, "full_dd": 66.8}, "nopkc_base": {"full": -73.1, "full_dd": 78.4}, "fx_total": {"trail_tr": 2253, "trail_ho": -759, "base_tr": 3126, "base_ho": 1483}}
nb arm0.30 age0.50 gb0.10                      n=4560 trail=2250 taken 200 | tr  +29.9/dd14.5 ho  +22.2/dd10.5 full  +64.7/dd15.1 | Q [7.8, 24.3, -2.9, 26.9] PASS
    trail exits 2250 (ETH 194/BTC 2056) avg pnl +0.228 vs base +0.288 | fx $+9997 vs $+13113 = -3116 (tr -873 / ho -2243) | avg age 68.2h peak 0.478 | by base: tp2:969 $+6006vs$+13748 sl:125 $-430vs$-4564 time_stop:1156 $+4421vs$+3929
nb arm0.35 age0.30 gb0.10                      n=4560 trail=2606 taken 218 | tr  +25.6/dd18.0 ho  +10.6/dd13.4 full  +40.6/dd18.0 | Q [10.0, 15.9, -0.5, 10.3] 
    trail exits 2606 (ETH 292/BTC 2314) avg pnl +0.310 vs base +0.407 | fx $+16267 vs $+21679 = -5412 (tr -3491 / ho -1921) | avg age 53.7h peak 0.486 | by base: tp2:1460 $+9919vs$+20654 sl:105 $-12vs$-3637 time_stop:1041 $+6360vs$+4662
nb arm0.35 age0.40 gb0.10                      n=4560 trail=2316 taken 203 | tr  +19.2/dd20.7 ho  +18.0/dd10.7 full  +42.2/dd20.7 | Q [18.6, 15.6, -4.7, 23.1] 
    trail exits 2316 (ETH 236/BTC 2080) avg pnl +0.288 vs base +0.370 | fx $+13405 vs $+17595 = -4190 (tr -2349 / ho -1841) | avg age 61.5h peak 0.494 | by base: tp2:1170 $+8021vs$+16570 sl:105 $-219vs$-3637 time_stop:1041 $+5602vs$+4662
nb arm0.35 age0.50 gb0.10                      n=4560 trail=2100 taken 195 | tr  +27.4/dd16.3 ho  +12.9/dd12.6 full  +41.7/dd16.3 | Q [9.8, 21.1, -2.7, 17.3] 
    trail exits 2100 (ETH 181/BTC 1919) avg pnl +0.269 vs base +0.348 | fx $+11140 vs $+14937 = -3797 (tr -1658 / ho -2139) | avg age 70.0h peak 0.502 | by base: tp2:964 $+6291vs$+13672 sl:95 $-412vs$-3397 time_stop:1041 $+5261vs$+4662
ref live-endgame literal arm0.25 age0.70       n=4560 trail=1819 taken 188 | tr  +28.6/dd15.6 ho  +16.6/dd13.3 full  +51.1/dd19.3 | Q [6.2, 25.4, -8.5, 20.6] 
    trail exits 1819 (ETH 163/BTC 1656) avg pnl +0.119 vs base +0.133 | fx $+4047 vs $+4568 = -521 (tr +518 / ho -1039) | avg age 87.4h peak 0.464 | by base: tp2:442 $+2993vs$+6248 sl:121 $-1006vs$-4644 time_stop:1256 $+2061vs$+2964
ref live-exact arm0.20 gb0.10 minp0.25 age0.70 n=4560 trail=1342 taken 178 | tr  +12.3/dd19.0 ho  +19.4/dd11.0 full  +27.8/dd20.1 | Q [11.1, 13.5, -13.2, 23.5] 
    trail exits 1342 (ETH 125/BTC 1217) avg pnl +0.358 vs base +0.400 | fx $+9989 vs $+11358 = -1369 (tr -598 / ho -770) | avg age 92.7h peak 0.519 | by base: tp2:429 $+3536vs$+6059 sl:22 $+93vs$-659 time_stop:891 $+6360vs$+5957
ref uncond arm0.20 gb0.10 age0                 n=4560 trail=3701 taken 317 | tr  +11.0/dd17.4 ho   -8.5/dd17.6 full   -2.5/dd19.6 | Q [-3.7, 15.5, -1.6, -6.7] 
    trail exits 3701 (ETH 430/BTC 3271) avg pnl +0.215 vs base +0.311 | fx $+15551 vs $+22275 = -6724 (tr -5071 / ho -1654) | avg age 26.5h peak 0.332 | by base: tp2:2086 $+9476vs$+29344 sl:229 $+628vs$-8620 time_stop:1386 $+5447vs$+1551
ref uncond arm0.30 gb0.10 age0                 n=4560 trail=3285 taken 260 | tr  +18.9/dd17.3 ho   +8.8/dd13.7 full  +28.9/dd17.3 | Q [-3.2, 15.6, 0.9, 11.9] 
    trail exits 3285 (ETH 383/BTC 2902) avg pnl +0.303 vs base +0.402 | fx $+19687 vs $+26544 = -6857 (tr -4688 / ho -2169) | avg age 35.9h peak 0.419 | by base: tp2:1982 $+12203vs$+27881 sl:147 $+662vs$-5266 time_stop:1156 $+6823vs$+3929
xtra PRIMARY peak-after-age                    n=4560 trail=2165 taken 204 | tr  +28.7/dd16.0 ho  +16.9/dd12.5 full  +49.7/dd19.8 | Q [11.0, 20.0, -9.3, 21.9] 
    trail exits 2165 (ETH 206/BTC 1959) avg pnl +0.331 vs base +0.412 | fx $+14448 vs $+18568 = -4120 (tr -2343 / ho -1777) | avg age 67.5h peak 0.447 | by base: tp2:1089 $+7654vs$+15370 sl:68 $+288vs$-2266 time_stop:1008 $+6506vs$+5465
peak stats (base trades by resolution): {"sl": {"n": 679, "peak30_any": 234, "peak30_by48h": 130, "peak30_by48h_then_end_below20": 130}, "tp2": {"n": 2263, "peak30_any": 2263, "peak30_by48h": 1926, "peak30_by48h_then_end_below20": 0}, "time_stop": {"n": 1618, "peak30_any": 1187, "peak30_by48h": 682, "peak30_by48h_then_end_below20": 315}}
saved /Users/styserg/Desktop/Jony/research/results/midlife_trail_sweep_2026-09-02.json
