====================================================================================================
PART A: распределение пиков CALL-сделок (экзиты выключены, CALIB)
====================================================================================================
  ETH:C hold=24h train    n=4406 (8.80/д) | пик>=10%   86% >=20%   74% >=30%   60% >=50%   38% | медиана пика +38.0% t_peak  9.6ч | медиана финала  +2.7% средний финал  -7.3%
  ETH:C hold=24h holdout  n=1886 (8.89/д) | пик>=10%   87% >=20%   74% >=30%   60% >=50%   40% | медиана пика +39.7% t_peak 12.5ч | медиана финала  +5.7% средний финал  +2.9%
  ETH:C hold=120h train    n=4406 (8.80/д) | пик>=10%   95% >=20%   90% >=30%   85% >=50%   72% | медиана пика +78.4% t_peak 59.1ч | медиана финала +21.0% средний финал -32.6%
  ETH:C hold=120h holdout  n=1886 (8.89/д) | пик>=10%   95% >=20%   91% >=30%   88% >=50%   79% | медиана пика +88.7% t_peak 100.8ч | медиана финала +75.2% средний финал +28.1%
  BTC:C hold=24h train    n=4260 (8.51/д) | пик>=10%   80% >=20%   61% >=30%   47% >=50%   23% | медиана пика +27.8% t_peak 10.9ч | медиана финала  +1.9% средний финал  -5.4%
  BTC:C hold=24h holdout  n=2067 (9.93/д) | пик>=10%   83% >=20%   64% >=30%   47% >=50%   28% | медиана пика +28.0% t_peak 10.5ч | медиана финала  +3.1% средний финал  +1.0%
  BTC:C hold=120h train    n=4260 (8.51/д) | пик>=10%   93% >=20%   86% >=30%   80% >=50%   62% | медиана пика +68.2% t_peak 75.9ч | медиана финала +29.7% средний финал  -6.8%
  BTC:C hold=120h holdout  n=2067 (9.93/д) | пик>=10%   97% >=20%   94% >=30%   87% >=50%   77% | медиана пика +78.3% t_peak 102.8ч | медиана финала +63.6% средний финал +30.3%

====================================================================================================
PART B: свип микро-TP по CALL (выбор только TRAIN/CALIB, fixed-lot)
====================================================================================================

ETH:C top-8 по train fixed-lot $ (из 30):
  tp0.20/sl0.50/h 24 n=4406 (8.80/д) WR 69.9% train $ -684.52
  tp0.20/sl0.30/h 24 n=4406 (8.80/д) WR 60.2% train $ -691.39
  tp0.20/sl0.75/h 24 n=4406 (8.80/д) WR 74.3% train $ -700.05
  tp0.20/sl0.30/h 12 n=4406 (8.80/д) WR 58.5% train $ -725.03
  tp0.20/sl0.50/h 12 n=4406 (8.80/д) WR 64.6% train $ -766.69
  tp0.25/sl0.30/h 24 n=4406 (8.80/д) WR 54.9% train $ -772.91
  tp0.25/sl0.50/h 24 n=4406 (8.80/д) WR 65.0% train $ -778.85
  tp0.15/sl0.50/h 12 n=4406 (8.80/д) WR 70.7% train $ -798.37

BTC:C top-8 по train fixed-lot $ (из 30):
  tp0.30/sl0.30/h 24 n=4260 (8.51/д) WR 53.6% train $-1142.06
  tp0.15/sl0.30/h 24 n=4260 (8.51/д) WR 67.9% train $-1173.67
  tp0.20/sl0.30/h 24 n=4260 (8.51/д) WR 61.5% train $-1304.06
  tp0.25/sl0.30/h 24 n=4260 (8.51/д) WR 56.4% train $-1506.56
  tp0.10/sl0.30/h 24 n=4260 (8.51/д) WR 75.3% train $-1589.84
  tp0.15/sl0.30/h 12 n=4260 (8.51/д) WR 61.9% train $-2051.97
  tp0.30/sl0.50/h 24 n=4260 (8.51/д) WR 59.8% train $-2148.87
  tp0.10/sl0.30/h 12 n=4260 (8.51/д) WR 69.9% train $-2153.25

====================================================================================================
PART C: валидация выживших (holdout/CLAMP/кварталы) + портфель
====================================================================================================
Выживших нет: ни один микро-TP конфиг не положителен на train — GATE: REJECTED
